LTspice 26.0.2 for Windows
Circuit: C:\Users\alberto.salazar\Documents\Personal\Potencia\Lab4\buckbooxt.net
Start Time: Wed Sep 30 16:28:19 2026
Options:reltol=0.01 abstol=1u vntol=1m plotwinsize=0
solver = Normal
Maximum thread count: 22
tnom = 27
temp = 27
method = trap
abstol = 1e-06
reltol = 0.01
volttol = 0.001
Laplace(E1): Window=5.03656 Nfft=131072
Instance "u2:x_m15:m1": Length shorter than recommended for a level 1 MOSFET.
Instance "u2:x_m12:m1": Length shorter than recommended for a level 1 MOSFET.
Instance "u2:x_m13:m1": Length shorter than recommended for a level 1 MOSFET.
Instance "u2:x_m14:m1": Length shorter than recommended for a level 1 MOSFET.
dd: Emission coefficient, N=0.001, too small, this might lead to numerical problems.
dd: Emission coefficient, N=0.001, too small, this might lead to numerical problems.
dd: Emission coefficient, N=0.001, too small, this might lead to numerical problems.
dd: Emission coefficient, N=0.001, too small, this might lead to numerical problems.
dd: Emission coefficient, N=0.001, too small, this might lead to numerical problems.
dd: Emission coefficient, N=0.001, too small, this might lead to numerical problems.
dd: Emission coefficient, N=0.001, too small, this might lead to numerical problems.
dd: Emission coefficient, N=0.001, too small, this might lead to numerical problems.
dd: Emission coefficient, N=0.001, too small, this might lead to numerical problems.
dd: Emission coefficient, N=0.001, too small, this might lead to numerical problems.
dd: Emission coefficient, N=0.001, too small, this might lead to numerical problems.
dd: Emission coefficient, N=0.001, too small, this might lead to numerical problems.
dd: Emission coefficient, N=0.001, too small, this might lead to numerical problems.
Per .tran options, skipping operating point for transient analysis.
Changing Tseed to 5.85938e-09
Changing Tseed to 5.85938e-11
Changing Tseed to 5.85938e-08
Changing Tseed to 5.85938e-12
Changing Tseed to 5.85938e-07
Changing Tseed to 5.85937e-13
Changing Tseed to 5.85938e-06
Changing Tseed to 5.85938e-14
Changing Tseed to 5.85938e-05
Changing Tseed to 5.85938e-15
Warning: Simulation tolerance relaxed to achieve convergence from 5.0020033935473943e-05 
Convergence Failure:  Time step too small; time = 5.002e-05, timestep = 1.25e-19: trouble with instance "u2:x_u59:d1"

Simulation Failed: Iteration limit reached

Total elapsed time: 0.456 seconds.

Files loaded:
C:\Users\alberto.salazar\Documents\Personal\Potencia\Lab4\buckbooxt.net
C:\Users\alberto.salazar\AppData\Local\LTspice\lib\cmp\standard.dio
C:\Users\alberto.salazar\AppData\Local\LTspice\lib\cmp\standard.mos
C:\Users\alberto.salazar\Documents\Personal\Potencia\Lab4\IL300.SUB
C:\Users\alberto.salazar\Documents\Personal\Potencia\Lab4\UCC21520_TRANS.lib
C:\Users\alberto.salazar\AppData\Local\LTspice\lib\sub\UniversalOpAmp3b.lib

